exports[`LanguageSelection 1`] = `
<LinearGradient
  colors={
    Array [
      "#3fa7e6",
      "#4cccf1",
    ]
  }
  style={
    Object {
      "flex": 1,
      "justifyContent": "center",
    }
  }>
  <View>
    <Text
      accessible={true}
      allowFontScaling={true}
      ellipsizeMode="tail"
      style={
        Object {
          "backgroundColor": "transparent",
          "color": "white",
          "fontSize": 24,
          "textAlign": "center",
        }
      }>
      Kies een taal
    </Text>
    <View
      style={undefined}>
      <RCTPicker
        items={
          Array [
            Object {
              "label": "English",
              "textColor": undefined,
              "value": "en",
            },
            Object {
              "label": "Nederlands",
              "textColor": undefined,
              "value": "nl",
            },
          ]
        }
        onChange={[Function]}
        onResponderTerminationRequest={[Function]}
        onStartShouldSetResponder={[Function]}
        selectedIndex={0}
        style={
          Array [
            Object {
              "height": 216,
            },
            undefined,
          ]
        } />
    </View>
  </View>
</LinearGradient>
`;
